
[TestPlainSink_EmitsErrorEvent - 1]
Error: Connection failed
  Cannot connect to Docker
  ==> Start Docker: open -a Docker

---

[TestPlainSink_EmitsInstanceInfoEvent/full - 1]
✔︎ LocalStack AWS Emulator is running
• Endpoint: localhost.localstack.cloud:4566
• Persistence: Enabled
• Container: localstack-aws
• Version: <version>
• Uptime: <time>

---

[TestPlainSink_EmitsInstanceInfoEvent/minimal - 1]
✔︎ LocalStack AWS Emulator is running
• Endpoint: 127.0.0.1:4566

---
