Snapshots created by internal/snap. UPDATE_SNAPS=true go test rewrites
this file.

[TestCDKAccountRejected_123456789012_1]
---

[TestCDKAccountRejected_123456789012_2]
Error: --account is not supported by lstk cdk; CDK always uses the default LocalStack account 000000000000
---

[TestCDKAccountRejected_12345_1]
---

[TestCDKAccountRejected_12345_2]
Error: --account is not supported by lstk cdk; CDK always uses the default LocalStack account 000000000000
---

[TestCDKFlagBeforeSubcommandRejected_1]
---

[TestCDKFlagBeforeSubcommandRejected_2]
Error: --region and --account must appear after the cdk subcommand (e.g. `lstk cdk --region us-west-2 ...`)
---

[TestCDKFlagsAfterActionAreForwarded_1]
ARGS:synth --region us-west-2
ENV_AWS_ENDPOINT_URL=http://<endpoint-host>:4566
ENV_AWS_ENDPOINT_URL_S3=http://<endpoint-host>:4566
ENV_AWS_REGION=us-east-1
ENV_AWS_ACCESS_KEY_ID=test
ENV_AWS_SECRET_ACCESS_KEY=test
ENV_AWS_PROFILE=<unset>
ENV_AWS_DEFAULT_PROFILE=<unset>
ENV_AWS_SESSION_TOKEN=<unset>
---

[TestCDKForwardsArgs_1]
ARGS:synth
ENV_AWS_ENDPOINT_URL=http://<endpoint-host>:4566
ENV_AWS_ENDPOINT_URL_S3=http://<endpoint-host>:4566
ENV_AWS_REGION=us-east-1
ENV_AWS_ACCESS_KEY_ID=test
ENV_AWS_SECRET_ACCESS_KEY=test
ENV_AWS_PROFILE=<unset>
ENV_AWS_DEFAULT_PROFILE=<unset>
ENV_AWS_SESSION_TOKEN=<unset>
---

[TestCDKHelpNoEmulator_--help_1]
ARGS:--help
ENV_AWS_ENDPOINT_URL=http://<endpoint-host>:4566
ENV_AWS_ENDPOINT_URL_S3=http://<endpoint-host>:4566
ENV_AWS_REGION=us-east-1
ENV_AWS_ACCESS_KEY_ID=test
ENV_AWS_SECRET_ACCESS_KEY=test
ENV_AWS_PROFILE=<unset>
ENV_AWS_DEFAULT_PROFILE=<unset>
ENV_AWS_SESSION_TOKEN=<unset>
---

[TestCDKHelpNoEmulator_-h_1]
ARGS:-h
ENV_AWS_ENDPOINT_URL=http://<endpoint-host>:4566
ENV_AWS_ENDPOINT_URL_S3=http://<endpoint-host>:4566
ENV_AWS_REGION=us-east-1
ENV_AWS_ACCESS_KEY_ID=test
ENV_AWS_SECRET_ACCESS_KEY=test
ENV_AWS_PROFILE=<unset>
ENV_AWS_DEFAULT_PROFILE=<unset>
ENV_AWS_SESSION_TOKEN=<unset>
---

[TestCDKHelpNoEmulator_deploy_--help_1]
ARGS:deploy --help
ENV_AWS_ENDPOINT_URL=http://<endpoint-host>:4566
ENV_AWS_ENDPOINT_URL_S3=http://<endpoint-host>:4566
ENV_AWS_REGION=us-east-1
ENV_AWS_ACCESS_KEY_ID=test
ENV_AWS_SECRET_ACCESS_KEY=test
ENV_AWS_PROFILE=<unset>
ENV_AWS_DEFAULT_PROFILE=<unset>
ENV_AWS_SESSION_TOKEN=<unset>
---

[TestCDKHelpNoEmulator_deploy_help_1]
ARGS:deploy help
ENV_AWS_ENDPOINT_URL=http://<endpoint-host>:4566
ENV_AWS_ENDPOINT_URL_S3=http://<endpoint-host>:4566
ENV_AWS_REGION=us-east-1
ENV_AWS_ACCESS_KEY_ID=test
ENV_AWS_SECRET_ACCESS_KEY=test
ENV_AWS_PROFILE=<unset>
ENV_AWS_DEFAULT_PROFILE=<unset>
ENV_AWS_SESSION_TOKEN=<unset>
---

[TestCDKHelpNoEmulator_help_1]
ARGS:help
ENV_AWS_ENDPOINT_URL=http://<endpoint-host>:4566
ENV_AWS_ENDPOINT_URL_S3=http://<endpoint-host>:4566
ENV_AWS_REGION=us-east-1
ENV_AWS_ACCESS_KEY_ID=test
ENV_AWS_SECRET_ACCESS_KEY=test
ENV_AWS_PROFILE=<unset>
ENV_AWS_DEFAULT_PROFILE=<unset>
ENV_AWS_SESSION_TOKEN=<unset>
---

[TestCDKHonorsLstkCdkCmd_1]
MYCDK:synth
---

[TestCDKInjectsCleanAWSEnv_1]
ARGS:synth
ENV_AWS_ENDPOINT_URL=http://<endpoint-host>:4566
ENV_AWS_ENDPOINT_URL_S3=http://<endpoint-host>:4566
ENV_AWS_REGION=eu-west-1
ENV_AWS_ACCESS_KEY_ID=test
ENV_AWS_SECRET_ACCESS_KEY=test
ENV_AWS_PROFILE=<unset>
ENV_AWS_DEFAULT_PROFILE=<unset>
ENV_AWS_SESSION_TOKEN=<unset>
---

[TestCDKMissingBinary_1]
---

[TestCDKMissingBinary_2]
Error: cdk not found in PATH
  ==> Install CDK CLI: npm install -g aws-cdk
---

[TestCDKOfflineCommandsNoEmulator_doctor_1]
ARGS:doctor
ENV_AWS_ENDPOINT_URL=http://<endpoint-host>:4566
ENV_AWS_ENDPOINT_URL_S3=http://<endpoint-host>:4566
ENV_AWS_REGION=us-west-2
ENV_AWS_ACCESS_KEY_ID=test
ENV_AWS_SECRET_ACCESS_KEY=test
ENV_AWS_PROFILE=<unset>
ENV_AWS_DEFAULT_PROFILE=<unset>
ENV_AWS_SESSION_TOKEN=<unset>
---

[TestCDKOfflineCommandsNoEmulator_init_1]
ARGS:init
ENV_AWS_ENDPOINT_URL=http://<endpoint-host>:4566
ENV_AWS_ENDPOINT_URL_S3=http://<endpoint-host>:4566
ENV_AWS_REGION=us-west-2
ENV_AWS_ACCESS_KEY_ID=test
ENV_AWS_SECRET_ACCESS_KEY=test
ENV_AWS_PROFILE=<unset>
ENV_AWS_DEFAULT_PROFILE=<unset>
ENV_AWS_SESSION_TOKEN=<unset>
---

[TestCDKOfflineCommandsNoEmulator_ls_1]
ARGS:ls
ENV_AWS_ENDPOINT_URL=http://<endpoint-host>:4566
ENV_AWS_ENDPOINT_URL_S3=http://<endpoint-host>:4566
ENV_AWS_REGION=us-west-2
ENV_AWS_ACCESS_KEY_ID=test
ENV_AWS_SECRET_ACCESS_KEY=test
ENV_AWS_PROFILE=<unset>
ENV_AWS_DEFAULT_PROFILE=<unset>
ENV_AWS_SESSION_TOKEN=<unset>
---

[TestCDKOfflineCommandsNoEmulator_synth_1]
ARGS:synth
ENV_AWS_ENDPOINT_URL=http://<endpoint-host>:4566
ENV_AWS_ENDPOINT_URL_S3=http://<endpoint-host>:4566
ENV_AWS_REGION=us-west-2
ENV_AWS_ACCESS_KEY_ID=test
ENV_AWS_SECRET_ACCESS_KEY=test
ENV_AWS_PROFILE=<unset>
ENV_AWS_DEFAULT_PROFILE=<unset>
ENV_AWS_SESSION_TOKEN=<unset>
---

[TestCDKOfflineCommandsNoEmulator_version_1]
ARGS:version
ENV_AWS_ENDPOINT_URL=http://<endpoint-host>:4566
ENV_AWS_ENDPOINT_URL_S3=http://<endpoint-host>:4566
ENV_AWS_REGION=us-west-2
ENV_AWS_ACCESS_KEY_ID=test
ENV_AWS_SECRET_ACCESS_KEY=test
ENV_AWS_PROFILE=<unset>
ENV_AWS_DEFAULT_PROFILE=<unset>
ENV_AWS_SESSION_TOKEN=<unset>
---

[TestCDKPropagatesExitCode_1]
cdk: simulated failure
---

[TestCDKVersionTooOld_1]
---

[TestCDKVersionTooOld_2]
Error: AWS CDK 2.176.0 is too old; lstk requires 2.177.0 or newer (it points CDK at LocalStack via AWS_ENDPOINT_URL, which older versions ignore)
  ==> Upgrade CDK CLI: npm install -g aws-cdk@latest
---
