Snapshots created by internal/snap. UPDATE_SNAPS=true go test rewrites
this file.

[TestConfigWithInvalidContainerNameFails_1]
---

[TestConfigWithInvalidContainerNameFails_2]
Error: failed to get config: invalid container config: invalid container name "my emulator": must start with a letter or digit and use only letters, digits, dots, hyphens, and underscores
---

[TestConfigWithMissingRequiredPortFails_1]
Error: failed to get config: invalid container config: port is required for aws emulator
---

[TestStartWithMultipleContainersFailsFast_1]
Error: Unsupported configuration
  found 2 [[containers]] blocks in your config, but only one is supported at a time
  ==> Edit your config file so only one [[containers]] block is enabled: lstk config path
---

[TestStartWithMultipleContainersFailsFast_2]
---
