Snapshots created by internal/snap. UPDATE_SNAPS=true go test rewrites
this file.

[TestStatusEndpointURLHTTPSRendersReducedOutput_1]
Fetching LocalStack status...
✔︎ LocalStack AWS Emulator is running
• Endpoint: https://127.0.0.1:<port>
• Version: <version>
> Note: No resources deployed
---

[TestStatusEndpointURLHTTPSSchemeMismatchSuggestsHTTP_1]
Error: could not reach LocalStack emulator at https://127.0.0.1:<port>: Get "https://127.0.0.1:<port>/_localstack/health": http: server gave HTTP response to HTTPS client, but http://127.0.0.1:<port> responded — retry with that URL
---
