Snapshots created by internal/snap. Values are compared with the trailing
newline stripped. UPDATE_SNAPS=true go test rewrites this file.

-- TestExtensionReceivesJSONFlagInContext_1 --
ARGS=[--foo]
SELF=<path>
API_VERSION=1
CONFIG_DIR=<path>
NON_INTERACTIVE=true
JSON=true
SESSION_ID=<id>
EMULATOR_COUNT=0
-- TestJSONFlagBeforeCommandNameBooleanValues_--json_true_before_the_command_name_is_rejected_1 --
{
  "command": "aws",
  "data": null,
  "error": {
    "category": "USAGE",
    "code": "NOT_JSON_CAPABLE",
    "message": "\"aws\" is not able to provide output in JSON format",
    "retryable": false
  },
  "schemaVersion": 1,
  "status": "error",
  "warnings": []
}
-- TestJSONFlagBeforeCommandNameBooleanValues_a_malformed_value_before_the_command_name_is_rejected_1 --
{
  "command": "aws",
  "data": null,
  "error": {
    "category": "USAGE",
    "code": "NOT_JSON_CAPABLE",
    "message": "\"aws\" is not able to provide output in JSON format",
    "retryable": false
  },
  "schemaVersion": 1,
  "status": "error",
  "warnings": []
}
-- TestJSONFlagProxyCommandsForwardJSON_aws_json_after_the_wrapped_tool_s_own_action_1 --
Error: aws CLI not found in PATH
  ==> Install AWS CLI: https://docs.aws.amazon.com/cli/latest/userguide/getting-started-install.html
-- TestJSONFlagProxyCommandsForwardJSON_aws_json_immediately_after_command_name_1 --
Error: aws CLI not found in PATH
  ==> Install AWS CLI: https://docs.aws.amazon.com/cli/latest/userguide/getting-started-install.html
-- TestJSONFlagProxyCommandsForwardJSON_az_json_after_the_wrapped_tool_s_own_action_1 --
Error: az CLI not found in PATH
  ==> Install Azure CLI: https://learn.microsoft.com/en-us/cli/azure/
-- TestJSONFlagProxyCommandsForwardJSON_az_json_immediately_after_command_name_1 --
Error: az CLI not found in PATH
  ==> Install Azure CLI: https://learn.microsoft.com/en-us/cli/azure/
-- TestJSONFlagProxyCommandsForwardJSON_cdk_json_after_the_wrapped_tool_s_own_action_1 --
Error: cdk not found in PATH
  ==> Install CDK CLI: npm install -g aws-cdk
-- TestJSONFlagProxyCommandsForwardJSON_cdk_json_immediately_after_command_name_1 --
Error: cdk not found in PATH
  ==> Install CDK CLI: npm install -g aws-cdk
-- TestJSONFlagProxyCommandsForwardJSON_sam_json_after_the_wrapped_tool_s_own_action_1 --
Error: sam not found in PATH
  ==> Install AWS SAM CLI: https://docs.aws.amazon.com/serverless-application-model/latest/developerguide/install-sam-cli.html
-- TestJSONFlagProxyCommandsForwardJSON_sam_json_immediately_after_command_name_1 --
Error: sam not found in PATH
  ==> Install AWS SAM CLI: https://docs.aws.amazon.com/serverless-application-model/latest/developerguide/install-sam-cli.html
-- TestJSONFlagProxyCommandsForwardJSON_terraform_json_after_the_wrapped_tool_s_own_action_1 --
Error: terraform not found in PATH
  ==> Install Terraform CLI: https://developer.hashicorp.com/terraform/cli
-- TestJSONFlagProxyCommandsForwardJSON_terraform_json_immediately_after_command_name_1 --
Error: terraform not found in PATH
  ==> Install Terraform CLI: https://developer.hashicorp.com/terraform/cli
-- TestJSONFlagProxyCommandsRejectBeforeCommandName_aws_1 --
{
  "command": "aws",
  "data": null,
  "error": {
    "category": "USAGE",
    "code": "NOT_JSON_CAPABLE",
    "message": "\"aws\" is not able to provide output in JSON format",
    "retryable": false
  },
  "schemaVersion": 1,
  "status": "error",
  "warnings": []
}
-- TestJSONFlagProxyCommandsRejectBeforeCommandName_az_1 --
{
  "command": "az",
  "data": null,
  "error": {
    "category": "USAGE",
    "code": "NOT_JSON_CAPABLE",
    "message": "\"az\" is not able to provide output in JSON format",
    "retryable": false
  },
  "schemaVersion": 1,
  "status": "error",
  "warnings": []
}
-- TestJSONFlagProxyCommandsRejectBeforeCommandName_cdk_1 --
{
  "command": "cdk",
  "data": null,
  "error": {
    "category": "USAGE",
    "code": "NOT_JSON_CAPABLE",
    "message": "\"cdk\" is not able to provide output in JSON format",
    "retryable": false
  },
  "schemaVersion": 1,
  "status": "error",
  "warnings": []
}
-- TestJSONFlagProxyCommandsRejectBeforeCommandName_sam_1 --
{
  "command": "sam",
  "data": null,
  "error": {
    "category": "USAGE",
    "code": "NOT_JSON_CAPABLE",
    "message": "\"sam\" is not able to provide output in JSON format",
    "retryable": false
  },
  "schemaVersion": 1,
  "status": "error",
  "warnings": []
}
-- TestJSONFlagProxyCommandsRejectBeforeCommandName_terraform_1 --
{
  "command": "terraform",
  "data": null,
  "error": {
    "category": "USAGE",
    "code": "NOT_JSON_CAPABLE",
    "message": "\"terraform\" is not able to provide output in JSON format",
    "retryable": false
  },
  "schemaVersion": 1,
  "status": "error",
  "warnings": []
}
