Snapshots created by internal/snap. UPDATE_SNAPS=true go test rewrites
this file.

[TestUpdateCheckDoesNotWarnOnSingleInstall_1]
> Note: Running a development build, skipping update check
---

[TestUpdateCheckDoesNotWarnOnSymlinkedAliases_1]
> Note: Running a development build, skipping update check
---
