Snapshots created by internal/snap. Values are compared with the trailing
newline stripped. UPDATE_SNAPS=true go test rewrites this file.

-- TestSnapshotShowSuccessWithoutDocker_1 --
Fetching snapshot...
Name            my-baseline
Version         1
Created         <date>              
Size            <size> 
LocalStack      <calv> 
Message         Pre-refactor baseline

Services        s3, lambda, dynamodb, sqs

Resources
  lambda        1 function
  s3            3 buckets
