Snapshots created by internal/snap. Values are compared with the trailing
newline stripped. UPDATE_SNAPS=true go test rewrites this file.

-- TestSnapshotListSuccessWithoutDocker_1 --
Fetching snapshots...
~ 2 snapshots

  NAME           VERSION  LAST CHANGED
  baseline-q2    3        <date>              
  infra-2026-04  1        -
